exports[`components Header renders correctly 1`] = `
<header>
  <nav
    className="navbar navbar-fixed-top navbar-inverse bg-inverse navbar-toggleable-md">
    <div
      className="navbar-collapse">
      <ul
        className="navbar-nav mr-auto">
        <li
          className="navbar-item">
          <a
            className="navbar-brand"
            onClick={[Function]}
            style={Object {}}>
            Shelf
          </a>
        </li>
        <li
          className="nav-item ml-2">
          <a
            className="nav-link"
            onClick={[Function]}
            style={Object {}}>
            Books
          </a>
        </li>
        <li
          className="nav-item ml-2">
          <a
            className="nav-link"
            onClick={[Function]}
            style={Object {}}>
            Games
          </a>
        </li>
      </ul>
    </div>
  </nav>
</header>
`;
